vertical:
i: 0 gid: 1
horizontal:
i: 0 gid: 0
i: 0 gid: 1
i: 1 gid: 0
i: 1 gid: 1
vertical:
i: 0 gid: 1
i: 1 gid: 1
vertical:
i: 0 gid: 2
i: 1 gid: 2
i: 0 gid: 3
i: 1 gid: 3
i: 2 gid: 3
horizontal:
i: 0 gid: 2
i: 0 gid: 3
i: 1 gid: 2
i: 1 gid: 3
vertical:
i: 0 gid: 2
i: 1 gid: 2
i: 0 gid: 3
i: 1 gid: 3
